// Jest Snapshot v1, https://goo.gl/fbAQLP

exports[`renders the UI as expected 1`] = `
<div
  className="Stage"
>
  <div>
    <div>
      Koren Templeton
      <img
        alt="user icon"
        src="https://robohash.org/itaquevoluptatumrerum.jpg?size=200x200&set=set1"
      />
    </div>
    <div>
      Ashla Attwool
      <img
        alt="user icon"
        src="https://robohash.org/iustodoloremqueinventore.jpg?size=200x200&set=set1"
      />
    </div>
  </div>
</div>
`;
